// Vitest Snapshot v1, https://vitest.dev/guide/snapshot.html

exports[`Home > should render the page correctly 1`] = `
<React.Fragment>
  <h1>
    NLSteveO's TickList
  </h1>
  <h3>
    This page is under construction. Hopefully I'll have something here soon.
  </h3>
  <iframe
    allowFullScreen={true}
    frameBorder="0"
    height="480"
    src="https://giphy.com/embed/q3qWgf5k4QHyAwis94"
    width="480"
  />
  <p>
    <a
      href="https://giphy.com/gifs/work-working-workinprogress-q3qWgf5k4QHyAwis94"
    >
      via GIPHY
    </a>
  </p>
  <div>
    <a
      href="https://vitejs.dev"
      target="_blank"
    >
      <img
        alt="Vite logo"
        className="logo"
        src="/TickList/vite.svg"
      />
    </a>
    <a
      href="https://react.dev"
      target="_blank"
    >
      <img
        alt="React logo"
        className="logo react"
        src="/TickList/react.svg"
      />
    </a>
  </div>
  <p
    className="read-the-docs"
  >
    Click on the Vite and React logos to learn more about the libraries being used.
  </p>
</React.Fragment>
`;
